<!doctype html public "-//w3c//dtd html 4.0 transitional//en">
<html><head>
<title>Static Call Graph - [.\Objects\LAB1 Assignment.axf]</title></head>
<body><HR>
<H1>Static Call Graph for image .\Objects\LAB1 Assignment.axf</H1><HR>
<BR><P>#&#060CALLGRAPH&#062# ARM Linker, 5060750: Last Updated: Fri Sep 11 12:37:27 2020
<BR><P>
<H3>Maximum Stack Usage =          0 bytes + Unknown(Functions without stacksize, Cycles, Untraceable Function Pointers)</H3><H3>
Call chain for Maximum Stack Depth:</H3>

<P>
<H3>
Functions with no stack information
</H3><UL>
 <LI><a href="#[3a]">__user_initial_stackheap</a>
</UL>
</UL>
<P>
<H3>
Mutually Recursive functions
</H3> <LI><a href="#[1]">NMI_Handler</a>&nbsp;&nbsp;&nbsp;&rArr;&nbsp;&nbsp;&nbsp;<a href="#[1]">NMI_Handler</a><BR>
 <LI><a href="#[2]">HardFault_Handler</a>&nbsp;&nbsp;&nbsp;&rArr;&nbsp;&nbsp;&nbsp;<a href="#[2]">HardFault_Handler</a><BR>
 <LI><a href="#[3]">MemManage_Handler</a>&nbsp;&nbsp;&nbsp;&rArr;&nbsp;&nbsp;&nbsp;<a href="#[3]">MemManage_Handler</a><BR>
 <LI><a href="#[4]">BusFault_Handler</a>&nbsp;&nbsp;&nbsp;&rArr;&nbsp;&nbsp;&nbsp;<a href="#[4]">BusFault_Handler</a><BR>
 <LI><a href="#[5]">UsageFault_Handler</a>&nbsp;&nbsp;&nbsp;&rArr;&nbsp;&nbsp;&nbsp;<a href="#[5]">UsageFault_Handler</a><BR>
 <LI><a href="#[6]">SVC_Handler</a>&nbsp;&nbsp;&nbsp;&rArr;&nbsp;&nbsp;&nbsp;<a href="#[6]">SVC_Handler</a><BR>
 <LI><a href="#[7]">DebugMon_Handler</a>&nbsp;&nbsp;&nbsp;&rArr;&nbsp;&nbsp;&nbsp;<a href="#[7]">DebugMon_Handler</a><BR>
 <LI><a href="#[8]">PendSV_Handler</a>&nbsp;&nbsp;&nbsp;&rArr;&nbsp;&nbsp;&nbsp;<a href="#[8]">PendSV_Handler</a><BR>
 <LI><a href="#[9]">SysTick_Handler</a>&nbsp;&nbsp;&nbsp;&rArr;&nbsp;&nbsp;&nbsp;<a href="#[9]">SysTick_Handler</a><BR>
 <LI><a href="#[1c]">ADC1_IRQHandler</a>&nbsp;&nbsp;&nbsp;&rArr;&nbsp;&nbsp;&nbsp;<a href="#[1c]">ADC1_IRQHandler</a><BR>
</UL>
<P>
<H3>
Function Pointers
</H3><UL>
 <LI><a href="#[1c]">ADC1_IRQHandler</a> from startup_msp432xx_md.o(.text) referenced from startup_msp432xx_md.o(RESET)
 <LI><a href="#[4]">BusFault_Handler</a> from startup_msp432xx_md.o(.text) referenced from startup_msp432xx_md.o(RESET)
 <LI><a href="#[20]">COMP_IRQHandler</a> from startup_msp432xx_md.o(.text) referenced from startup_msp432xx_md.o(RESET)
 <LI><a href="#[1f]">DAC_IRQHandler</a> from startup_msp432xx_md.o(.text) referenced from startup_msp432xx_md.o(RESET)
 <LI><a href="#[15]">DMA1_Channel1_IRQHandler</a> from startup_msp432xx_md.o(.text) referenced from startup_msp432xx_md.o(RESET)
 <LI><a href="#[16]">DMA1_Channel2_IRQHandler</a> from startup_msp432xx_md.o(.text) referenced from startup_msp432xx_md.o(RESET)
 <LI><a href="#[17]">DMA1_Channel3_IRQHandler</a> from startup_msp432xx_md.o(.text) referenced from startup_msp432xx_md.o(RESET)
 <LI><a href="#[18]">DMA1_Channel4_IRQHandler</a> from startup_msp432xx_md.o(.text) referenced from startup_msp432xx_md.o(RESET)
 <LI><a href="#[19]">DMA1_Channel5_IRQHandler</a> from startup_msp432xx_md.o(.text) referenced from startup_msp432xx_md.o(RESET)
 <LI><a href="#[1a]">DMA1_Channel6_IRQHandler</a> from startup_msp432xx_md.o(.text) referenced from startup_msp432xx_md.o(RESET)
 <LI><a href="#[1b]">DMA1_Channel7_IRQHandler</a> from startup_msp432xx_md.o(.text) referenced from startup_msp432xx_md.o(RESET)
 <LI><a href="#[7]">DebugMon_Handler</a> from startup_msp432xx_md.o(.text) referenced from startup_msp432xx_md.o(RESET)
 <LI><a href="#[10]">EXTI0_IRQHandler</a> from startup_msp432xx_md.o(.text) referenced from startup_msp432xx_md.o(RESET)
 <LI><a href="#[32]">EXTI15_10_IRQHandler</a> from startup_msp432xx_md.o(.text) referenced from startup_msp432xx_md.o(RESET)
 <LI><a href="#[11]">EXTI1_IRQHandler</a> from startup_msp432xx_md.o(.text) referenced from startup_msp432xx_md.o(RESET)
 <LI><a href="#[12]">EXTI2_IRQHandler</a> from startup_msp432xx_md.o(.text) referenced from startup_msp432xx_md.o(RESET)
 <LI><a href="#[13]">EXTI3_IRQHandler</a> from startup_msp432xx_md.o(.text) referenced from startup_msp432xx_md.o(RESET)
 <LI><a href="#[14]">EXTI4_IRQHandler</a> from startup_msp432xx_md.o(.text) referenced from startup_msp432xx_md.o(RESET)
 <LI><a href="#[21]">EXTI9_5_IRQHandler</a> from startup_msp432xx_md.o(.text) referenced from startup_msp432xx_md.o(RESET)
 <LI><a href="#[e]">FLASH_IRQHandler</a> from startup_msp432xx_md.o(.text) referenced from startup_msp432xx_md.o(RESET)
 <LI><a href="#[2]">HardFault_Handler</a> from startup_msp432xx_md.o(.text) referenced from startup_msp432xx_md.o(RESET)
 <LI><a href="#[2a]">I2C1_ER_IRQHandler</a> from startup_msp432xx_md.o(.text) referenced from startup_msp432xx_md.o(RESET)
 <LI><a href="#[29]">I2C1_EV_IRQHandler</a> from startup_msp432xx_md.o(.text) referenced from startup_msp432xx_md.o(RESET)
 <LI><a href="#[2c]">I2C2_ER_IRQHandler</a> from startup_msp432xx_md.o(.text) referenced from startup_msp432xx_md.o(RESET)
 <LI><a href="#[2b]">I2C2_EV_IRQHandler</a> from startup_msp432xx_md.o(.text) referenced from startup_msp432xx_md.o(RESET)
 <LI><a href="#[22]">LCD_IRQHandler</a> from startup_msp432xx_md.o(.text) referenced from startup_msp432xx_md.o(RESET)
 <LI><a href="#[3]">MemManage_Handler</a> from startup_msp432xx_md.o(.text) referenced from startup_msp432xx_md.o(RESET)
 <LI><a href="#[1]">NMI_Handler</a> from startup_msp432xx_md.o(.text) referenced from startup_msp432xx_md.o(RESET)
 <LI><a href="#[b]">PVD_IRQHandler</a> from startup_msp432xx_md.o(.text) referenced from startup_msp432xx_md.o(RESET)
 <LI><a href="#[8]">PendSV_Handler</a> from startup_msp432xx_md.o(.text) referenced from startup_msp432xx_md.o(RESET)
 <LI><a href="#[f]">RCC_IRQHandler</a> from startup_msp432xx_md.o(.text) referenced from startup_msp432xx_md.o(RESET)
 <LI><a href="#[33]">RTC_Alarm_IRQHandler</a> from startup_msp432xx_md.o(.text) referenced from startup_msp432xx_md.o(RESET)
 <LI><a href="#[d]">RTC_WKUP_IRQHandler</a> from startup_msp432xx_md.o(.text) referenced from startup_msp432xx_md.o(RESET)
 <LI><a href="#[38]">Reset_Handler</a> from startup_msp432xx_md.o(.text) referenced from startup_msp432xx_md.o(RESET)
 <LI><a href="#[2d]">SPI1_IRQHandler</a> from startup_msp432xx_md.o(.text) referenced from startup_msp432xx_md.o(RESET)
 <LI><a href="#[2e]">SPI2_IRQHandler</a> from startup_msp432xx_md.o(.text) referenced from startup_msp432xx_md.o(RESET)
 <LI><a href="#[6]">SVC_Handler</a> from startup_msp432xx_md.o(.text) referenced from startup_msp432xx_md.o(RESET)
 <LI><a href="#[9]">SysTick_Handler</a> from startup_msp432xx_md.o(.text) referenced from startup_msp432xx_md.o(RESET)
 <LI><a href="#[c]">TAMPER_STAMP_IRQHandler</a> from startup_msp432xx_md.o(.text) referenced from startup_msp432xx_md.o(RESET)
 <LI><a href="#[24]">TIM10_IRQHandler</a> from startup_msp432xx_md.o(.text) referenced from startup_msp432xx_md.o(RESET)
 <LI><a href="#[25]">TIM11_IRQHandler</a> from startup_msp432xx_md.o(.text) referenced from startup_msp432xx_md.o(RESET)
 <LI><a href="#[26]">TIM2_IRQHandler</a> from startup_msp432xx_md.o(.text) referenced from startup_msp432xx_md.o(RESET)
 <LI><a href="#[27]">TIM3_IRQHandler</a> from startup_msp432xx_md.o(.text) referenced from startup_msp432xx_md.o(RESET)
 <LI><a href="#[28]">TIM4_IRQHandler</a> from startup_msp432xx_md.o(.text) referenced from startup_msp432xx_md.o(RESET)
 <LI><a href="#[35]">TIM6_IRQHandler</a> from startup_msp432xx_md.o(.text) referenced from startup_msp432xx_md.o(RESET)
 <LI><a href="#[36]">TIM7_IRQHandler</a> from startup_msp432xx_md.o(.text) referenced from startup_msp432xx_md.o(RESET)
 <LI><a href="#[23]">TIM9_IRQHandler</a> from startup_msp432xx_md.o(.text) referenced from startup_msp432xx_md.o(RESET)
 <LI><a href="#[2f]">USART1_IRQHandler</a> from startup_msp432xx_md.o(.text) referenced from startup_msp432xx_md.o(RESET)
 <LI><a href="#[30]">USART2_IRQHandler</a> from startup_msp432xx_md.o(.text) referenced from startup_msp432xx_md.o(RESET)
 <LI><a href="#[31]">USART3_IRQHandler</a> from startup_msp432xx_md.o(.text) referenced from startup_msp432xx_md.o(RESET)
 <LI><a href="#[34]">USB_FS_WKUP_IRQHandler</a> from startup_msp432xx_md.o(.text) referenced from startup_msp432xx_md.o(RESET)
 <LI><a href="#[1d]">USB_HP_IRQHandler</a> from startup_msp432xx_md.o(.text) referenced from startup_msp432xx_md.o(RESET)
 <LI><a href="#[1e]">USB_LP_IRQHandler</a> from startup_msp432xx_md.o(.text) referenced from startup_msp432xx_md.o(RESET)
 <LI><a href="#[5]">UsageFault_Handler</a> from startup_msp432xx_md.o(.text) referenced from startup_msp432xx_md.o(RESET)
 <LI><a href="#[a]">WWDG_IRQHandler</a> from startup_msp432xx_md.o(.text) referenced from startup_msp432xx_md.o(RESET)
 <LI><a href="#[39]">__main</a> from q4.o(main) referenced from startup_msp432xx_md.o(.text)
</UL>
<P>
<H3>
Global Symbols
</H3>
<P><STRONG><a name="[38]"></a>Reset_Handler</STRONG> (Thumb, 4 bytes, Stack size 0 bytes, startup_msp432xx_md.o(.text))

<P><STRONG><a name="[1]"></a>NMI_Handler</STRONG> (Thumb, 2 bytes, Stack size 0 bytes, startup_msp432xx_md.o(.text))
<BR><BR>[Calls]<UL><LI><a href="#[1]">&gt;&gt;</a>&nbsp;&nbsp;&nbsp;NMI_Handler
</UL>
<BR>[Called By]<UL><LI><a href="#[1]">&gt;&gt;</a>&nbsp;&nbsp;&nbsp;NMI_Handler
</UL>
<BR>[Address Reference Count : 1]<UL><LI> startup_msp432xx_md.o(RESET)
</UL>
<P><STRONG><a name="[2]"></a>HardFault_Handler</STRONG> (Thumb, 2 bytes, Stack size 0 bytes, startup_msp432xx_md.o(.text))
<BR><BR>[Calls]<UL><LI><a href="#[2]">&gt;&gt;</a>&nbsp;&nbsp;&nbsp;HardFault_Handler
</UL>
<BR>[Called By]<UL><LI><a href="#[2]">&gt;&gt;</a>&nbsp;&nbsp;&nbsp;HardFault_Handler
</UL>
<BR>[Address Reference Count : 1]<UL><LI> startup_msp432xx_md.o(RESET)
</UL>
<P><STRONG><a name="[3]"></a>MemManage_Handler</STRONG> (Thumb, 2 bytes, Stack size 0 bytes, startup_msp432xx_md.o(.text))
<BR><BR>[Calls]<UL><LI><a href="#[3]">&gt;&gt;</a>&nbsp;&nbsp;&nbsp;MemManage_Handler
</UL>
<BR>[Called By]<UL><LI><a href="#[3]">&gt;&gt;</a>&nbsp;&nbsp;&nbsp;MemManage_Handler
</UL>
<BR>[Address Reference Count : 1]<UL><LI> startup_msp432xx_md.o(RESET)
</UL>
<P><STRONG><a name="[4]"></a>BusFault_Handler</STRONG> (Thumb, 2 bytes, Stack size 0 bytes, startup_msp432xx_md.o(.text))
<BR><BR>[Calls]<UL><LI><a href="#[4]">&gt;&gt;</a>&nbsp;&nbsp;&nbsp;BusFault_Handler
</UL>
<BR>[Called By]<UL><LI><a href="#[4]">&gt;&gt;</a>&nbsp;&nbsp;&nbsp;BusFault_Handler
</UL>
<BR>[Address Reference Count : 1]<UL><LI> startup_msp432xx_md.o(RESET)
</UL>
<P><STRONG><a name="[5]"></a>UsageFault_Handler</STRONG> (Thumb, 2 bytes, Stack size 0 bytes, startup_msp432xx_md.o(.text))
<BR><BR>[Calls]<UL><LI><a href="#[5]">&gt;&gt;</a>&nbsp;&nbsp;&nbsp;UsageFault_Handler
</UL>
<BR>[Called By]<UL><LI><a href="#[5]">&gt;&gt;</a>&nbsp;&nbsp;&nbsp;UsageFault_Handler
</UL>
<BR>[Address Reference Count : 1]<UL><LI> startup_msp432xx_md.o(RESET)
</UL>
<P><STRONG><a name="[6]"></a>SVC_Handler</STRONG> (Thumb, 2 bytes, Stack size 0 bytes, startup_msp432xx_md.o(.text))
<BR><BR>[Calls]<UL><LI><a href="#[6]">&gt;&gt;</a>&nbsp;&nbsp;&nbsp;SVC_Handler
</UL>
<BR>[Called By]<UL><LI><a href="#[6]">&gt;&gt;</a>&nbsp;&nbsp;&nbsp;SVC_Handler
</UL>
<BR>[Address Reference Count : 1]<UL><LI> startup_msp432xx_md.o(RESET)
</UL>
<P><STRONG><a name="[7]"></a>DebugMon_Handler</STRONG> (Thumb, 2 bytes, Stack size 0 bytes, startup_msp432xx_md.o(.text))
<BR><BR>[Calls]<UL><LI><a href="#[7]">&gt;&gt;</a>&nbsp;&nbsp;&nbsp;DebugMon_Handler
</UL>
<BR>[Called By]<UL><LI><a href="#[7]">&gt;&gt;</a>&nbsp;&nbsp;&nbsp;DebugMon_Handler
</UL>
<BR>[Address Reference Count : 1]<UL><LI> startup_msp432xx_md.o(RESET)
</UL>
<P><STRONG><a name="[8]"></a>PendSV_Handler</STRONG> (Thumb, 2 bytes, Stack size 0 bytes, startup_msp432xx_md.o(.text))
<BR><BR>[Calls]<UL><LI><a href="#[8]">&gt;&gt;</a>&nbsp;&nbsp;&nbsp;PendSV_Handler
</UL>
<BR>[Called By]<UL><LI><a href="#[8]">&gt;&gt;</a>&nbsp;&nbsp;&nbsp;PendSV_Handler
</UL>
<BR>[Address Reference Count : 1]<UL><LI> startup_msp432xx_md.o(RESET)
</UL>
<P><STRONG><a name="[9]"></a>SysTick_Handler</STRONG> (Thumb, 2 bytes, Stack size 0 bytes, startup_msp432xx_md.o(.text))
<BR><BR>[Calls]<UL><LI><a href="#[9]">&gt;&gt;</a>&nbsp;&nbsp;&nbsp;SysTick_Handler
</UL>
<BR>[Called By]<UL><LI><a href="#[9]">&gt;&gt;</a>&nbsp;&nbsp;&nbsp;SysTick_Handler
</UL>
<BR>[Address Reference Count : 1]<UL><LI> startup_msp432xx_md.o(RESET)
</UL>
<P><STRONG><a name="[1c]"></a>ADC1_IRQHandler</STRONG> (Thumb, 0 bytes, Stack size 0 bytes, startup_msp432xx_md.o(.text))
<BR><BR>[Calls]<UL><LI><a href="#[1c]">&gt;&gt;</a>&nbsp;&nbsp;&nbsp;ADC1_IRQHandler
</UL>
<BR>[Called By]<UL><LI><a href="#[1c]">&gt;&gt;</a>&nbsp;&nbsp;&nbsp;ADC1_IRQHandler
</UL>
<BR>[Address Reference Count : 1]<UL><LI> startup_msp432xx_md.o(RESET)
</UL>
<P><STRONG><a name="[20]"></a>COMP_IRQHandler</STRONG> (Thumb, 0 bytes, Stack size 0 bytes, startup_msp432xx_md.o(.text))
<BR>[Address Reference Count : 1]<UL><LI> startup_msp432xx_md.o(RESET)
</UL>
<P><STRONG><a name="[1f]"></a>DAC_IRQHandler</STRONG> (Thumb, 0 bytes, Stack size 0 bytes, startup_msp432xx_md.o(.text))
<BR>[Address Reference Count : 1]<UL><LI> startup_msp432xx_md.o(RESET)
</UL>
<P><STRONG><a name="[15]"></a>DMA1_Channel1_IRQHandler</STRONG> (Thumb, 0 bytes, Stack size 0 bytes, startup_msp432xx_md.o(.text))
<BR>[Address Reference Count : 1]<UL><LI> startup_msp432xx_md.o(RESET)
</UL>
<P><STRONG><a name="[16]"></a>DMA1_Channel2_IRQHandler</STRONG> (Thumb, 0 bytes, Stack size 0 bytes, startup_msp432xx_md.o(.text))
<BR>[Address Reference Count : 1]<UL><LI> startup_msp432xx_md.o(RESET)
</UL>
<P><STRONG><a name="[17]"></a>DMA1_Channel3_IRQHandler</STRONG> (Thumb, 0 bytes, Stack size 0 bytes, startup_msp432xx_md.o(.text))
<BR>[Address Reference Count : 1]<UL><LI> startup_msp432xx_md.o(RESET)
</UL>
<P><STRONG><a name="[18]"></a>DMA1_Channel4_IRQHandler</STRONG> (Thumb, 0 bytes, Stack size 0 bytes, startup_msp432xx_md.o(.text))
<BR>[Address Reference Count : 1]<UL><LI> startup_msp432xx_md.o(RESET)
</UL>
<P><STRONG><a name="[19]"></a>DMA1_Channel5_IRQHandler</STRONG> (Thumb, 0 bytes, Stack size 0 bytes, startup_msp432xx_md.o(.text))
<BR>[Address Reference Count : 1]<UL><LI> startup_msp432xx_md.o(RESET)
</UL>
<P><STRONG><a name="[1a]"></a>DMA1_Channel6_IRQHandler</STRONG> (Thumb, 0 bytes, Stack size 0 bytes, startup_msp432xx_md.o(.text))
<BR>[Address Reference Count : 1]<UL><LI> startup_msp432xx_md.o(RESET)
</UL>
<P><STRONG><a name="[1b]"></a>DMA1_Channel7_IRQHandler</STRONG> (Thumb, 0 bytes, Stack size 0 bytes, startup_msp432xx_md.o(.text))
<BR>[Address Reference Count : 1]<UL><LI> startup_msp432xx_md.o(RESET)
</UL>
<P><STRONG><a name="[10]"></a>EXTI0_IRQHandler</STRONG> (Thumb, 0 bytes, Stack size 0 bytes, startup_msp432xx_md.o(.text))
<BR>[Address Reference Count : 1]<UL><LI> startup_msp432xx_md.o(RESET)
</UL>
<P><STRONG><a name="[32]"></a>EXTI15_10_IRQHandler</STRONG> (Thumb, 0 bytes, Stack size 0 bytes, startup_msp432xx_md.o(.text))
<BR>[Address Reference Count : 1]<UL><LI> startup_msp432xx_md.o(RESET)
</UL>
<P><STRONG><a name="[11]"></a>EXTI1_IRQHandler</STRONG> (Thumb, 0 bytes, Stack size 0 bytes, startup_msp432xx_md.o(.text))
<BR>[Address Reference Count : 1]<UL><LI> startup_msp432xx_md.o(RESET)
</UL>
<P><STRONG><a name="[12]"></a>EXTI2_IRQHandler</STRONG> (Thumb, 0 bytes, Stack size 0 bytes, startup_msp432xx_md.o(.text))
<BR>[Address Reference Count : 1]<UL><LI> startup_msp432xx_md.o(RESET)
</UL>
<P><STRONG><a name="[13]"></a>EXTI3_IRQHandler</STRONG> (Thumb, 0 bytes, Stack size 0 bytes, startup_msp432xx_md.o(.text))
<BR>[Address Reference Count : 1]<UL><LI> startup_msp432xx_md.o(RESET)
</UL>
<P><STRONG><a name="[14]"></a>EXTI4_IRQHandler</STRONG> (Thumb, 0 bytes, Stack size 0 bytes, startup_msp432xx_md.o(.text))
<BR>[Address Reference Count : 1]<UL><LI> startup_msp432xx_md.o(RESET)
</UL>
<P><STRONG><a name="[21]"></a>EXTI9_5_IRQHandler</STRONG> (Thumb, 0 bytes, Stack size 0 bytes, startup_msp432xx_md.o(.text))
<BR>[Address Reference Count : 1]<UL><LI> startup_msp432xx_md.o(RESET)
</UL>
<P><STRONG><a name="[e]"></a>FLASH_IRQHandler</STRONG> (Thumb, 0 bytes, Stack size 0 bytes, startup_msp432xx_md.o(.text))
<BR>[Address Reference Count : 1]<UL><LI> startup_msp432xx_md.o(RESET)
</UL>
<P><STRONG><a name="[2a]"></a>I2C1_ER_IRQHandler</STRONG> (Thumb, 0 bytes, Stack size 0 bytes, startup_msp432xx_md.o(.text))
<BR>[Address Reference Count : 1]<UL><LI> startup_msp432xx_md.o(RESET)
</UL>
<P><STRONG><a name="[29]"></a>I2C1_EV_IRQHandler</STRONG> (Thumb, 0 bytes, Stack size 0 bytes, startup_msp432xx_md.o(.text))
<BR>[Address Reference Count : 1]<UL><LI> startup_msp432xx_md.o(RESET)
</UL>
<P><STRONG><a name="[2c]"></a>I2C2_ER_IRQHandler</STRONG> (Thumb, 0 bytes, Stack size 0 bytes, startup_msp432xx_md.o(.text))
<BR>[Address Reference Count : 1]<UL><LI> startup_msp432xx_md.o(RESET)
</UL>
<P><STRONG><a name="[2b]"></a>I2C2_EV_IRQHandler</STRONG> (Thumb, 0 bytes, Stack size 0 bytes, startup_msp432xx_md.o(.text))
<BR>[Address Reference Count : 1]<UL><LI> startup_msp432xx_md.o(RESET)
</UL>
<P><STRONG><a name="[22]"></a>LCD_IRQHandler</STRONG> (Thumb, 0 bytes, Stack size 0 bytes, startup_msp432xx_md.o(.text))
<BR>[Address Reference Count : 1]<UL><LI> startup_msp432xx_md.o(RESET)
</UL>
<P><STRONG><a name="[b]"></a>PVD_IRQHandler</STRONG> (Thumb, 0 bytes, Stack size 0 bytes, startup_msp432xx_md.o(.text))
<BR>[Address Reference Count : 1]<UL><LI> startup_msp432xx_md.o(RESET)
</UL>
<P><STRONG><a name="[f]"></a>RCC_IRQHandler</STRONG> (Thumb, 0 bytes, Stack size 0 bytes, startup_msp432xx_md.o(.text))
<BR>[Address Reference Count : 1]<UL><LI> startup_msp432xx_md.o(RESET)
</UL>
<P><STRONG><a name="[33]"></a>RTC_Alarm_IRQHandler</STRONG> (Thumb, 0 bytes, Stack size 0 bytes, startup_msp432xx_md.o(.text))
<BR>[Address Reference Count : 1]<UL><LI> startup_msp432xx_md.o(RESET)
</UL>
<P><STRONG><a name="[d]"></a>RTC_WKUP_IRQHandler</STRONG> (Thumb, 0 bytes, Stack size 0 bytes, startup_msp432xx_md.o(.text))
<BR>[Address Reference Count : 1]<UL><LI> startup_msp432xx_md.o(RESET)
</UL>
<P><STRONG><a name="[2d]"></a>SPI1_IRQHandler</STRONG> (Thumb, 0 bytes, Stack size 0 bytes, startup_msp432xx_md.o(.text))
<BR>[Address Reference Count : 1]<UL><LI> startup_msp432xx_md.o(RESET)
</UL>
<P><STRONG><a name="[2e]"></a>SPI2_IRQHandler</STRONG> (Thumb, 0 bytes, Stack size 0 bytes, startup_msp432xx_md.o(.text))
<BR>[Address Reference Count : 1]<UL><LI> startup_msp432xx_md.o(RESET)
</UL>
<P><STRONG><a name="[c]"></a>TAMPER_STAMP_IRQHandler</STRONG> (Thumb, 0 bytes, Stack size 0 bytes, startup_msp432xx_md.o(.text))
<BR>[Address Reference Count : 1]<UL><LI> startup_msp432xx_md.o(RESET)
</UL>
<P><STRONG><a name="[24]"></a>TIM10_IRQHandler</STRONG> (Thumb, 0 bytes, Stack size 0 bytes, startup_msp432xx_md.o(.text))
<BR>[Address Reference Count : 1]<UL><LI> startup_msp432xx_md.o(RESET)
</UL>
<P><STRONG><a name="[25]"></a>TIM11_IRQHandler</STRONG> (Thumb, 0 bytes, Stack size 0 bytes, startup_msp432xx_md.o(.text))
<BR>[Address Reference Count : 1]<UL><LI> startup_msp432xx_md.o(RESET)
</UL>
<P><STRONG><a name="[26]"></a>TIM2_IRQHandler</STRONG> (Thumb, 0 bytes, Stack size 0 bytes, startup_msp432xx_md.o(.text))
<BR>[Address Reference Count : 1]<UL><LI> startup_msp432xx_md.o(RESET)
</UL>
<P><STRONG><a name="[27]"></a>TIM3_IRQHandler</STRONG> (Thumb, 0 bytes, Stack size 0 bytes, startup_msp432xx_md.o(.text))
<BR>[Address Reference Count : 1]<UL><LI> startup_msp432xx_md.o(RESET)
</UL>
<P><STRONG><a name="[28]"></a>TIM4_IRQHandler</STRONG> (Thumb, 0 bytes, Stack size 0 bytes, startup_msp432xx_md.o(.text))
<BR>[Address Reference Count : 1]<UL><LI> startup_msp432xx_md.o(RESET)
</UL>
<P><STRONG><a name="[35]"></a>TIM6_IRQHandler</STRONG> (Thumb, 0 bytes, Stack size 0 bytes, startup_msp432xx_md.o(.text))
<BR>[Address Reference Count : 1]<UL><LI> startup_msp432xx_md.o(RESET)
</UL>
<P><STRONG><a name="[36]"></a>TIM7_IRQHandler</STRONG> (Thumb, 0 bytes, Stack size 0 bytes, startup_msp432xx_md.o(.text))
<BR>[Address Reference Count : 1]<UL><LI> startup_msp432xx_md.o(RESET)
</UL>
<P><STRONG><a name="[23]"></a>TIM9_IRQHandler</STRONG> (Thumb, 0 bytes, Stack size 0 bytes, startup_msp432xx_md.o(.text))
<BR>[Address Reference Count : 1]<UL><LI> startup_msp432xx_md.o(RESET)
</UL>
<P><STRONG><a name="[2f]"></a>USART1_IRQHandler</STRONG> (Thumb, 0 bytes, Stack size 0 bytes, startup_msp432xx_md.o(.text))
<BR>[Address Reference Count : 1]<UL><LI> startup_msp432xx_md.o(RESET)
</UL>
<P><STRONG><a name="[30]"></a>USART2_IRQHandler</STRONG> (Thumb, 0 bytes, Stack size 0 bytes, startup_msp432xx_md.o(.text))
<BR>[Address Reference Count : 1]<UL><LI> startup_msp432xx_md.o(RESET)
</UL>
<P><STRONG><a name="[31]"></a>USART3_IRQHandler</STRONG> (Thumb, 0 bytes, Stack size 0 bytes, startup_msp432xx_md.o(.text))
<BR>[Address Reference Count : 1]<UL><LI> startup_msp432xx_md.o(RESET)
</UL>
<P><STRONG><a name="[34]"></a>USB_FS_WKUP_IRQHandler</STRONG> (Thumb, 0 bytes, Stack size 0 bytes, startup_msp432xx_md.o(.text))
<BR>[Address Reference Count : 1]<UL><LI> startup_msp432xx_md.o(RESET)
</UL>
<P><STRONG><a name="[1d]"></a>USB_HP_IRQHandler</STRONG> (Thumb, 0 bytes, Stack size 0 bytes, startup_msp432xx_md.o(.text))
<BR>[Address Reference Count : 1]<UL><LI> startup_msp432xx_md.o(RESET)
</UL>
<P><STRONG><a name="[1e]"></a>USB_LP_IRQHandler</STRONG> (Thumb, 0 bytes, Stack size 0 bytes, startup_msp432xx_md.o(.text))
<BR>[Address Reference Count : 1]<UL><LI> startup_msp432xx_md.o(RESET)
</UL>
<P><STRONG><a name="[a]"></a>WWDG_IRQHandler</STRONG> (Thumb, 0 bytes, Stack size 0 bytes, startup_msp432xx_md.o(.text))
<BR>[Address Reference Count : 1]<UL><LI> startup_msp432xx_md.o(RESET)
</UL>
<P><STRONG><a name="[3a]"></a>__user_initial_stackheap</STRONG> (Thumb, 0 bytes, Stack size unknown bytes, startup_msp432xx_md.o(.text), UNUSED, KEPT)

<P><STRONG><a name="[39]"></a>__main</STRONG> (Thumb, 26 bytes, Stack size 0 bytes, q4.o(main))
<P>
<H3>
Local Symbols
</H3><P>
<H3>
Undefined Global Symbols
</H3><HR></body></html>
