Component: ARM Compiler 5.06 update 6 (build 750) Tool: armlink [4d35ed]

==============================================================================

Section Cross References

    startup_msp432xx_md.o(RESET) refers to startup_msp432xx_md.o(STACK) for __initial_sp
    startup_msp432xx_md.o(RESET) refers to startup_msp432xx_md.o(.text) for Reset_Handler
    startup_msp432xx_md.o(.text) refers to question4.o(main) for __main
    startup_msp432xx_md.o(.text) refers to startup_msp432xx_md.o(HEAP) for Heap_Mem
    startup_msp432xx_md.o(.text) refers to startup_msp432xx_md.o(STACK) for Stack_Mem


==============================================================================

Image Symbol Table

    Local Symbols

    Symbol Name                              Value     Ov Type        Size  Object(Section)

    RESET                                    0x00000000   Section      244  startup_msp432xx_md.o(RESET)
    MSP432xx_constants.s                     0x00000000   Number         0  msp432xx_constants.o ABSOLUTE
    MSP432xx_tim_constants.s                 0x00000000   Number         0  msp432xx_tim_constants.o ABSOLUTE
    core_cm3_constant.s                      0x00000000   Number         0  core_cm3_constant.o ABSOLUTE
    question4.s                              0x00000000   Number         0  question4.o ABSOLUTE
    startup_MSP432xx_md.s                    0x00000000   Number         0  startup_msp432xx_md.o ABSOLUTE
    .text                                    0x000000f4   Section       56  startup_msp432xx_md.o(.text)
    $v0                                      0x000000f4   Number         0  startup_msp432xx_md.o(.text)
    __DEFINES_STM32L1xx_DUMMY                0x0000012c   Section        0  msp432xx_constants.o(__DEFINES_STM32L1xx_DUMMY)
    __DEFINES_STM32L1xx_DUMMY                0x0000012c   Section        0  question4.o(__DEFINES_STM32L1xx_DUMMY)
    __DEFINES_STM32L1xx_TIM_DUMMY            0x0000012c   Section        0  msp432xx_tim_constants.o(__DEFINES_STM32L1xx_TIM_DUMMY)
    __DEFINES_STM32L1xx_TIM_DUMMY            0x0000012c   Section        0  question4.o(__DEFINES_STM32L1xx_TIM_DUMMY)
    main                                     0x0000012c   Section       26  question4.o(main)
    $v0                                      0x0000012c   Number         0  question4.o(main)
    HEAP                                     0x20000000   Section      512  startup_msp432xx_md.o(HEAP)
    Heap_Mem                                 0x20000000   Data         512  startup_msp432xx_md.o(HEAP)
    STACK                                    0x20000200   Section     1024  startup_msp432xx_md.o(STACK)
    Stack_Mem                                0x20000200   Data        1024  startup_msp432xx_md.o(STACK)
    __initial_sp                             0x20000600   Data           0  startup_msp432xx_md.o(STACK)

    Global Symbols

    Symbol Name                              Value     Ov Type        Size  Object(Section)

    BuildAttributes$$THM_ISAv4$E$P$D$K$B$S$7EM$VFPi3$EXTD16$VFPS$VFMA$PE$A:L22UL41UL21$X:L11$S22US41US21$IEEE1$IW$USESV6$~STKCKD$USESV7$~SHL$OSPACE$EBA8$STANDARDLIB$PRES8$EABIv2 0x00000000   Number         0  anon$$obj.o ABSOLUTE
    __Vectors                                0x00000000   Data           4  startup_msp432xx_md.o(RESET)
    Reset_Handler                            0x000000f5   Thumb Code     4  startup_msp432xx_md.o(.text)
    __Vectors_End                            0x000000f4   Data           0  startup_msp432xx_md.o(RESET)
    __Vectors_Size                           0x000000f4   Number         0  startup_msp432xx_md.o ABSOLUTE
    NMI_Handler                              0x000000f9   Thumb Code     2  startup_msp432xx_md.o(.text)
    HardFault_Handler                        0x000000fb   Thumb Code     2  startup_msp432xx_md.o(.text)
    MemManage_Handler                        0x000000fd   Thumb Code     2  startup_msp432xx_md.o(.text)
    BusFault_Handler                         0x000000ff   Thumb Code     2  startup_msp432xx_md.o(.text)
    UsageFault_Handler                       0x00000101   Thumb Code     2  startup_msp432xx_md.o(.text)
    SVC_Handler                              0x00000103   Thumb Code     2  startup_msp432xx_md.o(.text)
    DebugMon_Handler                         0x00000105   Thumb Code     2  startup_msp432xx_md.o(.text)
    PendSV_Handler                           0x00000107   Thumb Code     2  startup_msp432xx_md.o(.text)
    SysTick_Handler                          0x00000109   Thumb Code     2  startup_msp432xx_md.o(.text)
    ADC1_IRQHandler                          0x0000010b   Thumb Code     0  startup_msp432xx_md.o(.text)
    COMP_IRQHandler                          0x0000010b   Thumb Code     0  startup_msp432xx_md.o(.text)
    DAC_IRQHandler                           0x0000010b   Thumb Code     0  startup_msp432xx_md.o(.text)
    DMA1_Channel1_IRQHandler                 0x0000010b   Thumb Code     0  startup_msp432xx_md.o(.text)
    DMA1_Channel2_IRQHandler                 0x0000010b   Thumb Code     0  startup_msp432xx_md.o(.text)
    DMA1_Channel3_IRQHandler                 0x0000010b   Thumb Code     0  startup_msp432xx_md.o(.text)
    DMA1_Channel4_IRQHandler                 0x0000010b   Thumb Code     0  startup_msp432xx_md.o(.text)
    DMA1_Channel5_IRQHandler                 0x0000010b   Thumb Code     0  startup_msp432xx_md.o(.text)
    DMA1_Channel6_IRQHandler                 0x0000010b   Thumb Code     0  startup_msp432xx_md.o(.text)
    DMA1_Channel7_IRQHandler                 0x0000010b   Thumb Code     0  startup_msp432xx_md.o(.text)
    EXTI0_IRQHandler                         0x0000010b   Thumb Code     0  startup_msp432xx_md.o(.text)
    EXTI15_10_IRQHandler                     0x0000010b   Thumb Code     0  startup_msp432xx_md.o(.text)
    EXTI1_IRQHandler                         0x0000010b   Thumb Code     0  startup_msp432xx_md.o(.text)
    EXTI2_IRQHandler                         0x0000010b   Thumb Code     0  startup_msp432xx_md.o(.text)
    EXTI3_IRQHandler                         0x0000010b   Thumb Code     0  startup_msp432xx_md.o(.text)
    EXTI4_IRQHandler                         0x0000010b   Thumb Code     0  startup_msp432xx_md.o(.text)
    EXTI9_5_IRQHandler                       0x0000010b   Thumb Code     0  startup_msp432xx_md.o(.text)
    FLASH_IRQHandler                         0x0000010b   Thumb Code     0  startup_msp432xx_md.o(.text)
    I2C1_ER_IRQHandler                       0x0000010b   Thumb Code     0  startup_msp432xx_md.o(.text)
    I2C1_EV_IRQHandler                       0x0000010b   Thumb Code     0  startup_msp432xx_md.o(.text)
    I2C2_ER_IRQHandler                       0x0000010b   Thumb Code     0  startup_msp432xx_md.o(.text)
    I2C2_EV_IRQHandler                       0x0000010b   Thumb Code     0  startup_msp432xx_md.o(.text)
    LCD_IRQHandler                           0x0000010b   Thumb Code     0  startup_msp432xx_md.o(.text)
    PVD_IRQHandler                           0x0000010b   Thumb Code     0  startup_msp432xx_md.o(.text)
    RCC_IRQHandler                           0x0000010b   Thumb Code     0  startup_msp432xx_md.o(.text)
    RTC_Alarm_IRQHandler                     0x0000010b   Thumb Code     0  startup_msp432xx_md.o(.text)
    RTC_WKUP_IRQHandler                      0x0000010b   Thumb Code     0  startup_msp432xx_md.o(.text)
    SPI1_IRQHandler                          0x0000010b   Thumb Code     0  startup_msp432xx_md.o(.text)
    SPI2_IRQHandler                          0x0000010b   Thumb Code     0  startup_msp432xx_md.o(.text)
    TAMPER_STAMP_IRQHandler                  0x0000010b   Thumb Code     0  startup_msp432xx_md.o(.text)
    TIM10_IRQHandler                         0x0000010b   Thumb Code     0  startup_msp432xx_md.o(.text)
    TIM11_IRQHandler                         0x0000010b   Thumb Code     0  startup_msp432xx_md.o(.text)
    TIM2_IRQHandler                          0x0000010b   Thumb Code     0  startup_msp432xx_md.o(.text)
    TIM3_IRQHandler                          0x0000010b   Thumb Code     0  startup_msp432xx_md.o(.text)
    TIM4_IRQHandler                          0x0000010b   Thumb Code     0  startup_msp432xx_md.o(.text)
    TIM6_IRQHandler                          0x0000010b   Thumb Code     0  startup_msp432xx_md.o(.text)
    TIM7_IRQHandler                          0x0000010b   Thumb Code     0  startup_msp432xx_md.o(.text)
    TIM9_IRQHandler                          0x0000010b   Thumb Code     0  startup_msp432xx_md.o(.text)
    USART1_IRQHandler                        0x0000010b   Thumb Code     0  startup_msp432xx_md.o(.text)
    USART2_IRQHandler                        0x0000010b   Thumb Code     0  startup_msp432xx_md.o(.text)
    USART3_IRQHandler                        0x0000010b   Thumb Code     0  startup_msp432xx_md.o(.text)
    USB_FS_WKUP_IRQHandler                   0x0000010b   Thumb Code     0  startup_msp432xx_md.o(.text)
    USB_HP_IRQHandler                        0x0000010b   Thumb Code     0  startup_msp432xx_md.o(.text)
    USB_LP_IRQHandler                        0x0000010b   Thumb Code     0  startup_msp432xx_md.o(.text)
    WWDG_IRQHandler                          0x0000010b   Thumb Code     0  startup_msp432xx_md.o(.text)
    __user_initial_stackheap                 0x0000010d   Thumb Code     0  startup_msp432xx_md.o(.text)
    __main                                   0x0000012d   Thumb Code    26  question4.o(main)



==============================================================================

Memory Map of the image

  Image entry point : Not specified.

  Load Region LR_IROM1 (Base: 0x00000000, Size: 0x00000148, Max: 0x00040000, ABSOLUTE)

    Execution Region ER_IROM1 (Exec base: 0x00000000, Load base: 0x00000000, Size: 0x00000148, Max: 0x00040000, ABSOLUTE)

    Exec Addr    Load Addr    Size         Type   Attr      Idx    E Section Name        Object

    0x00000000   0x00000000   0x000000f4   Data   RO            5    RESET               startup_msp432xx_md.o
    0x000000f4   0x000000f4   0x00000038   Code   RO            6    .text               startup_msp432xx_md.o
    0x0000012c   0x0000012c   0x00000000   Code   RO            1    __DEFINES_STM32L1xx_DUMMY  msp432xx_constants.o
    0x0000012c   0x0000012c   0x00000000   Code   RO           12    __DEFINES_STM32L1xx_DUMMY  question4.o
    0x0000012c   0x0000012c   0x00000000   Code   RO            2    __DEFINES_STM32L1xx_TIM_DUMMY  msp432xx_tim_constants.o
    0x0000012c   0x0000012c   0x00000000   Code   RO           13    __DEFINES_STM32L1xx_TIM_DUMMY  question4.o
    0x0000012c   0x0000012c   0x0000001a   Code   RO           14    main                question4.o


    Execution Region RW_IRAM1 (Exec base: 0x20000000, Load base: 0x00000148, Size: 0x00000600, Max: 0x00010000, ABSOLUTE)

    Exec Addr    Load Addr    Size         Type   Attr      Idx    E Section Name        Object

    0x20000000        -       0x00000200   Zero   RW            4    HEAP                startup_msp432xx_md.o
    0x20000200        -       0x00000400   Zero   RW            3    STACK               startup_msp432xx_md.o



  Load Region LR_IROM2 (Base: 0x00200000, Size: 0x00000000, Max: 0x00004000, ABSOLUTE)

    Execution Region ER_IROM2 (Exec base: 0x00200000, Load base: 0x00200000, Size: 0x00000000, Max: 0x00004000, ABSOLUTE)

    **** No section assigned to this execution region ****


==============================================================================

Image component sizes


      Code (inc. data)   RO Data    RW Data    ZI Data      Debug   Object Name

         0          0          0          0          0          0   msp432xx_constants.o
         0          0          0          0          0          0   msp432xx_tim_constants.o
        26          0          0          0          0        352   question4.o
        56         22        244          0       1536        840   startup_msp432xx_md.o

    ----------------------------------------------------------------------
        84         22        244          0       1536       1192   Object Totals
         0          0          0          0          0          0   (incl. Generated)
         2          0          0          0          0          0   (incl. Padding)

    ----------------------------------------------------------------------
         0          0          0          0          0          0   Library Totals
         0          0          0          0          0          0   (incl. Padding)

    ----------------------------------------------------------------------

==============================================================================


      Code (inc. data)   RO Data    RW Data    ZI Data      Debug   

        84         22        244          0       1536       1092   Grand Totals
        84         22        244          0       1536       1092   ELF Image Totals
        84         22        244          0          0          0   ROM Totals

==============================================================================

    Total RO  Size (Code + RO Data)                  328 (   0.32kB)
    Total RW  Size (RW Data + ZI Data)              1536 (   1.50kB)
    Total ROM Size (Code + RO Data + RW Data)        328 (   0.32kB)

==============================================================================

