<html>
<body>
<pre>
<h1>µVision Build Log</h1>
<h2>Tool Versions:</h2>
IDE-Version: µVision V5.28.0.0
Copyright (C) 2019 ARM Ltd and ARM Germany GmbH. All rights reserved.
License Information: krishna raj, student , LIC=----
 
Tool Versions:
Toolchain:       MDK-Lite  Version: 5.28.0.0
Toolchain Path:  C:\Keil_v5\ARM\ARMCC\Bin
C Compiler:      Armcc.exe V5.06 update 6 (build 750)
Assembler:       Armasm.exe V5.06 update 6 (build 750)
Linker/Locator:  ArmLink.exe V5.06 update 6 (build 750)
Library Manager: ArmAr.exe V5.06 update 6 (build 750)
Hex Converter:   FromElf.exe V5.06 update 6 (build 750)
CPU DLL:         SARMCM3.DLL V5.28.0.0
Dialog DLL:      DCM.DLL V1.17.3.0
Target DLL:      UL2CM3.DLL V1.162.16.0
Dialog DLL:      TCM.DLL V1.36.2.0
 
<h2>Project:</h2>
C:\Users\Krishna Raj\Desktop\OLP-MBSD\Assembly\LAB 1\Assignments\krishna\lab1_assignment.uvprojx
Project File Date:  09/11/2020

<h2>Output:</h2>
*** Using Compiler 'V5.06 update 6 (build 750)', folder: 'C:\Keil_v5\ARM\ARMCC\Bin'
Rebuild target 'Target 1'
assembling startup_msp432p401r_uvision.s...
assembling lab1_assignment.s...
compiling system_msp432p401r.c...
linking...
.\Objects\lab1_assignment.sct(8): warning: L6314W: No section matches pattern *(InRoot$$Sections).
Program Size: Code=220 RO-data=324 RW-data=0 ZI-data=512  
Finished: 0 information, 1 warning and 0 error messages.
FromELF: creating hex file...
".\Objects\lab1_assignment.axf" - 0 Error(s), 1 Warning(s).

<h2>Software Packages used:</h2>

Package Vendor: ARM
                http://www.keil.com/pack/ARM.CMSIS.5.7.0.pack
                ARM.CMSIS.5.7.0
                CMSIS (Cortex Microcontroller Software Interface Standard)
   * Component: CORE Version: 5.4.0

Package Vendor: TexasInstruments
                http://software-dl.ti.com/msp430/msp430_public_sw/mcu/msp430/msp432cmsis/latest/exports/TexasInstruments.MSP432P4xx_DFP.3.2.6.pack
                TexasInstruments.MSP432P4xx_DFP.3.2.6
                Device Family Pack for Texas Instruments SimpleLink(TM) MSP432 Series
   * Component: Startup Version: 3.2.2

<h2>Collection of Component include folders:</h2>
  .\RTE\_Target_1
  C:\Users\Krishna Raj\AppData\Local\Arm\Packs\ARM\CMSIS\5.7.0\CMSIS\Core\Include
  C:\Users\Krishna Raj\AppData\Local\Arm\Packs\TexasInstruments\MSP432P4xx_DFP\3.2.6\Device\Include

<h2>Collection of Component Files used:</h2>

   * Component: ARM::CMSIS:CORE:5.4.0

   * Component: TexasInstruments::Device:Startup:3.2.2
      Include file:  Device\Include\msp_compatibility.h
      Source file:   Device\Source\system_msp432p401r.c
      Source file:   Device\Source\startup_msp432p401r_uvision.s
      Source file:   Examples\EmptyMain\main.c
      Source file:   Examples\BlinkLED\blinkLED.c
Build Time Elapsed:  00:00:01
</pre>
</body>
</html>
